
Lab - Entering Commands
==========
Follow the instructions line-by-line.  

* Type in the commands as is, but ignore the beginning prompt.  
* Enter, tab, up and down are represented by <ENTER><TAB>,<UP> and <DOWN>.  
* "No output" or "nothing happens" are valid answers to any of the questions.
==========



==========
1. Open Terminal.  Type:

$ ls<ENTER>

Copy and paste the output of ls below.
AMALogger20190109.log	Library			QLData
Adlm			MPLABXProjects		Riba-MTEC1003
Adobe			Movies			Things
Applications		Music			ipe.properties
Desktop			New Unity Project	isus
Documents		Pictures		pymel.log
Downloads		Public			xgen



==========
2a. Type: 

$ ls D<TAB>

What happens?  Describe it below.
Nothing happens



==========
2b. Press <TAB> one more time.  Copy and paste the output below.
Desktop/   Documents/ Downloads/



==========
2c. Now press <ENTER>. Copy and paste the output below.
ls: D: No such file or directory



==========
3.  Type:

$ ls -l Documents<ENTER>

Copy and paste the first *two lines* of output below.
total 8
drwxr-xr-x   8 student  staff   272 Jan 17  2018 Ableton
drwxrwxrwx  14 student  staff   476 Jan 17  2018 Adobe




==========
4.  Type:

$ ls -a Documents

Copy and paste the first *two lines* of output below.

Mode                LastWriteTime     Length Name
----                -------------     ------ ----
d----         4/27/2013   2:30 PM            .jagex_cache_32
d----         11/5/2012   3:16 PM            AdobeLicensingFilesBackup
d-r--         2/11/2013   5:08 PM            Contacts
d-r--          2/4/2019   3:32 PM            Desktop



==========
5.  Type:

<UP><ENTER>

What command was repeated?
The last command that i put. 
ls -l documents



==========
6.  Type:

<UP><UP><UP><DOWN><ENTER>

What command was repeated?
$ ls D



==========
7.  Type:

$ ls /Vol<TAB><ENTER>

What is the result of pressing tab?
Get-ChildItem : Cannot find path 'C:\vol' because it does not exist.
At line:1 char:3
+ ls <<<<  /vol
    + CategoryInfo          : ObjectNotFound: (C:\vol:String) [Get-ChildItem], ItemNotFoundException
    + FullyQualifiedErrorId : PathNotFound,Microsoft.PowerShell.Commands.GetChildItemCommand


==========
8.  Type:

$ ls doesnotexist

Copy and paste the output below.
ls: doesnotexist: No such file or directory



==========
9.  What key do I press to go to the previous command?
<up> and press <enter>



==========
10.  Name two flags that we used in this exercise.
-a and -al



==========
11.  What key do I use to attempt to autocomplete a command or a file name?
~



==========
12.  What was the main command that we used throughout this exercise?
ls



==========
13.  Name one argument that we passed to the command.
ls desktop



==========
14.  Type:

$ foo<ENTER>

Copy and paste the output below.
-bash: foo: command not found



==========
15.  Type:

<UP><ENTER>

Copy and paste the output below.
-bash: foo: command not found



==========
16.  In the following line....

$ ls -a Desktop

What is the command, flag, argument, and prompt?
ls is a command, -a is flag, desktop is argument and the $ sign is prompt.
